running egg_info
creating ../../build/three_dof_leg_description/three_dof_leg_description.egg-info
writing ../../build/three_dof_leg_description/three_dof_leg_description.egg-info/PKG-INFO
writing dependency_links to ../../build/three_dof_leg_description/three_dof_leg_description.egg-info/dependency_links.txt
writing requirements to ../../build/three_dof_leg_description/three_dof_leg_description.egg-info/requires.txt
writing top-level names to ../../build/three_dof_leg_description/three_dof_leg_description.egg-info/top_level.txt
writing manifest file '../../build/three_dof_leg_description/three_dof_leg_description.egg-info/SOURCES.txt'
reading manifest file '../../build/three_dof_leg_description/three_dof_leg_description.egg-info/SOURCES.txt'
writing manifest file '../../build/three_dof_leg_description/three_dof_leg_description.egg-info/SOURCES.txt'
running build
running build_py
creating /home/ben/x/10DOF-DUCK/linux/ros2_ws/build/three_dof_leg_description/build
creating /home/ben/x/10DOF-DUCK/linux/ros2_ws/build/three_dof_leg_description/build/lib
creating /home/ben/x/10DOF-DUCK/linux/ros2_ws/build/three_dof_leg_description/build/lib/three_dof_leg_description
copying three_dof_leg_description/__init__.py -> /home/ben/x/10DOF-DUCK/linux/ros2_ws/build/three_dof_leg_description/build/lib/three_dof_leg_description
running install
running install_lib
creating /home/ben/x/10DOF-DUCK/linux/ros2_ws/install/three_dof_leg_description/lib/python3.12/site-packages/three_dof_leg_description
copying /home/ben/x/10DOF-DUCK/linux/ros2_ws/build/three_dof_leg_description/build/lib/three_dof_leg_description/__init__.py -> /home/ben/x/10DOF-DUCK/linux/ros2_ws/install/three_dof_leg_description/lib/python3.12/site-packages/three_dof_leg_description
byte-compiling /home/ben/x/10DOF-DUCK/linux/ros2_ws/install/three_dof_leg_description/lib/python3.12/site-packages/three_dof_leg_description/__init__.py to __init__.cpython-312.pyc
running install_data
creating /home/ben/x/10DOF-DUCK/linux/ros2_ws/install/three_dof_leg_description/share/ament_index
creating /home/ben/x/10DOF-DUCK/linux/ros2_ws/install/three_dof_leg_description/share/ament_index/resource_index
creating /home/ben/x/10DOF-DUCK/linux/ros2_ws/install/three_dof_leg_description/share/ament_index/resource_index/packages
copying resource/three_dof_leg_description -> /home/ben/x/10DOF-DUCK/linux/ros2_ws/install/three_dof_leg_description/share/ament_index/resource_index/packages
copying package.xml -> /home/ben/x/10DOF-DUCK/linux/ros2_ws/install/three_dof_leg_description/share/three_dof_leg_description
creating /home/ben/x/10DOF-DUCK/linux/ros2_ws/install/three_dof_leg_description/share/three_dof_leg_description/launch
copying launch/live_leg_rviz.launch.py -> /home/ben/x/10DOF-DUCK/linux/ros2_ws/install/three_dof_leg_description/share/three_dof_leg_description/launch
creating /home/ben/x/10DOF-DUCK/linux/ros2_ws/install/three_dof_leg_description/share/three_dof_leg_description/urdf
copying urdf/three_dof_leg.urdf -> /home/ben/x/10DOF-DUCK/linux/ros2_ws/install/three_dof_leg_description/share/three_dof_leg_description/urdf
creating /home/ben/x/10DOF-DUCK/linux/ros2_ws/install/three_dof_leg_description/share/three_dof_leg_description/rviz
copying rviz/live_leg.rviz -> /home/ben/x/10DOF-DUCK/linux/ros2_ws/install/three_dof_leg_description/share/three_dof_leg_description/rviz
running install_egg_info
Copying ../../build/three_dof_leg_description/three_dof_leg_description.egg-info to /home/ben/x/10DOF-DUCK/linux/ros2_ws/install/three_dof_leg_description/lib/python3.12/site-packages/three_dof_leg_description-0.1.0-py3.12.egg-info
running install_scripts
writing list of installed files to '/home/ben/x/10DOF-DUCK/linux/ros2_ws/build/three_dof_leg_description/install.log'
