[0.054s] DEBUG:colcon:Command line arguments: ['/usr/bin/colcon', 'build', '--packages-select', 'three_dof_leg_description']
[0.054s] DEBUG:colcon:Parsed command line arguments: Namespace(log_base=None, log_level=None, verb_name='build', build_base='build', install_base='install', merge_install=False, symlink_install=False, test_result_base=None, continue_on_error=False, executor='parallel', parallel_workers=20, event_handlers=None, ignore_user_meta=False, metas=['./colcon.meta'], base_paths=['.'], packages_ignore=None, packages_ignore_regex=None, paths=None, packages_up_to=None, packages_up_to_regex=None, packages_above=None, packages_above_and_dependencies=None, packages_above_depth=None, packages_select_by_dep=None, packages_skip_by_dep=None, packages_skip_up_to=None, packages_select_build_failed=False, packages_skip_build_finished=False, packages_select_test_failures=False, packages_skip_test_passed=False, packages_select=['three_dof_leg_description'], packages_skip=None, packages_select_regex=None, packages_skip_regex=None, packages_start=None, packages_end=None, allow_overriding=[], cmake_args=None, cmake_target=None, cmake_target_skip_unavailable=False, cmake_clean_cache=False, cmake_clean_first=False, cmake_force_configure=False, ament_cmake_args=None, catkin_cmake_args=None, catkin_skip_building_tests=False, mixin_files=None, mixin=None, verb_parser=<colcon_mixin.mixin.mixin_argument.MixinArgumentDecorator object at 0x70fe77ba30b0>, verb_extension=<colcon_core.verb.build.BuildVerb object at 0x70fe77ba2db0>, main=<bound method BuildVerb.main of <colcon_core.verb.build.BuildVerb object at 0x70fe77ba2db0>>, mixin_verb=('build',))
[0.074s] Level 1:colcon.colcon_core.package_discovery:discover_packages(colcon_meta) check parameters
[0.074s] Level 1:colcon.colcon_core.package_discovery:discover_packages(recursive) check parameters
[0.074s] Level 1:colcon.colcon_core.package_discovery:discover_packages(ignore) check parameters
[0.074s] Level 1:colcon.colcon_core.package_discovery:discover_packages(path) check parameters
[0.074s] Level 1:colcon.colcon_core.package_discovery:discover_packages(colcon_meta) discover
[0.074s] Level 1:colcon.colcon_core.package_discovery:discover_packages(recursive) discover
[0.074s] INFO:colcon.colcon_core.package_discovery:Crawling recursively for packages in '/home/ben/x/10DOF-DUCK/linux/ros2_ws'
[0.074s] Level 1:colcon.colcon_core.package_identification:_identify(.) by extensions ['ignore', 'ignore_ament_install']
[0.075s] Level 1:colcon.colcon_core.package_identification:_identify(.) by extension 'ignore'
[0.075s] Level 1:colcon.colcon_core.package_identification:_identify(.) by extension 'ignore_ament_install'
[0.075s] Level 1:colcon.colcon_core.package_identification:_identify(.) by extensions ['colcon_pkg']
[0.075s] Level 1:colcon.colcon_core.package_identification:_identify(.) by extension 'colcon_pkg'
[0.075s] Level 1:colcon.colcon_core.package_identification:_identify(.) by extensions ['colcon_meta']
[0.075s] Level 1:colcon.colcon_core.package_identification:_identify(.) by extension 'colcon_meta'
[0.075s] Level 1:colcon.colcon_core.package_identification:_identify(.) by extensions ['ros']
[0.075s] Level 1:colcon.colcon_core.package_identification:_identify(.) by extension 'ros'
[0.089s] Level 1:colcon.colcon_core.package_identification:_identify(.) by extensions ['cmake', 'python']
[0.089s] Level 1:colcon.colcon_core.package_identification:_identify(.) by extension 'cmake'
[0.089s] Level 1:colcon.colcon_core.package_identification:_identify(.) by extension 'python'
[0.089s] Level 1:colcon.colcon_core.package_identification:_identify(.) by extensions ['python_setup_py']
[0.089s] Level 1:colcon.colcon_core.package_identification:_identify(.) by extension 'python_setup_py'
[0.089s] Level 1:colcon.colcon_core.package_identification:_identify(build) by extensions ['ignore', 'ignore_ament_install']
[0.089s] Level 1:colcon.colcon_core.package_identification:_identify(build) by extension 'ignore'
[0.089s] Level 1:colcon.colcon_core.package_identification:_identify(build) ignored
[0.089s] Level 1:colcon.colcon_core.package_identification:_identify(install) by extensions ['ignore', 'ignore_ament_install']
[0.089s] Level 1:colcon.colcon_core.package_identification:_identify(install) by extension 'ignore'
[0.089s] Level 1:colcon.colcon_core.package_identification:_identify(install) ignored
[0.089s] Level 1:colcon.colcon_core.package_identification:_identify(log) by extensions ['ignore', 'ignore_ament_install']
[0.089s] Level 1:colcon.colcon_core.package_identification:_identify(log) by extension 'ignore'
[0.089s] Level 1:colcon.colcon_core.package_identification:_identify(log) ignored
[0.089s] Level 1:colcon.colcon_core.package_identification:_identify(src) by extensions ['ignore', 'ignore_ament_install']
[0.089s] Level 1:colcon.colcon_core.package_identification:_identify(src) by extension 'ignore'
[0.089s] Level 1:colcon.colcon_core.package_identification:_identify(src) by extension 'ignore_ament_install'
[0.089s] Level 1:colcon.colcon_core.package_identification:_identify(src) by extensions ['colcon_pkg']
[0.089s] Level 1:colcon.colcon_core.package_identification:_identify(src) by extension 'colcon_pkg'
[0.089s] Level 1:colcon.colcon_core.package_identification:_identify(src) by extensions ['colcon_meta']
[0.089s] Level 1:colcon.colcon_core.package_identification:_identify(src) by extension 'colcon_meta'
[0.089s] Level 1:colcon.colcon_core.package_identification:_identify(src) by extensions ['ros']
[0.089s] Level 1:colcon.colcon_core.package_identification:_identify(src) by extension 'ros'
[0.089s] Level 1:colcon.colcon_core.package_identification:_identify(src) by extensions ['cmake', 'python']
[0.089s] Level 1:colcon.colcon_core.package_identification:_identify(src) by extension 'cmake'
[0.089s] Level 1:colcon.colcon_core.package_identification:_identify(src) by extension 'python'
[0.089s] Level 1:colcon.colcon_core.package_identification:_identify(src) by extensions ['python_setup_py']
[0.089s] Level 1:colcon.colcon_core.package_identification:_identify(src) by extension 'python_setup_py'
[0.089s] Level 1:colcon.colcon_core.package_identification:_identify(src/three_dof_leg_description) by extensions ['ignore', 'ignore_ament_install']
[0.089s] Level 1:colcon.colcon_core.package_identification:_identify(src/three_dof_leg_description) by extension 'ignore'
[0.090s] Level 1:colcon.colcon_core.package_identification:_identify(src/three_dof_leg_description) by extension 'ignore_ament_install'
[0.090s] Level 1:colcon.colcon_core.package_identification:_identify(src/three_dof_leg_description) by extensions ['colcon_pkg']
[0.090s] Level 1:colcon.colcon_core.package_identification:_identify(src/three_dof_leg_description) by extension 'colcon_pkg'
[0.090s] Level 1:colcon.colcon_core.package_identification:_identify(src/three_dof_leg_description) by extensions ['colcon_meta']
[0.090s] Level 1:colcon.colcon_core.package_identification:_identify(src/three_dof_leg_description) by extension 'colcon_meta'
[0.090s] Level 1:colcon.colcon_core.package_identification:_identify(src/three_dof_leg_description) by extensions ['ros']
[0.090s] Level 1:colcon.colcon_core.package_identification:_identify(src/three_dof_leg_description) by extension 'ros'
[0.091s] DEBUG:colcon.colcon_core.package_identification:Package 'src/three_dof_leg_description' with type 'ros.ament_python' and name 'three_dof_leg_description'
[0.091s] Level 1:colcon.colcon_core.package_discovery:discover_packages(recursive) using defaults
[0.091s] Level 1:colcon.colcon_core.package_discovery:discover_packages(ignore) discover
[0.091s] Level 1:colcon.colcon_core.package_discovery:discover_packages(ignore) using defaults
[0.091s] Level 1:colcon.colcon_core.package_discovery:discover_packages(path) discover
[0.091s] Level 1:colcon.colcon_core.package_discovery:discover_packages(path) using defaults
[0.101s] Level 1:colcon.colcon_core.package_discovery:discover_packages(prefix_path) check parameters
[0.101s] Level 1:colcon.colcon_core.package_discovery:discover_packages(prefix_path) discover
[0.101s] WARNING:colcon.colcon_ros.prefix_path.ament:The path '/home/ben/x/10DOF-DUCK/linux/ros2_ws/install/three_dof_leg_description' in the environment variable AMENT_PREFIX_PATH doesn't exist
[0.102s] DEBUG:colcon.colcon_installed_package_information.package_discovery:Found 0 installed packages in /home/ben/x/10DOF-DUCK/linux/ros2_ws/install
[0.103s] DEBUG:colcon.colcon_installed_package_information.package_discovery:Found 408 installed packages in /opt/ros/jazzy
[0.103s] Level 1:colcon.colcon_core.package_discovery:discover_packages(prefix_path) using defaults
[0.128s] Level 5:colcon.colcon_core.verb:set package 'three_dof_leg_description' build argument 'cmake_args' from command line to 'None'
[0.128s] Level 5:colcon.colcon_core.verb:set package 'three_dof_leg_description' build argument 'cmake_target' from command line to 'None'
[0.128s] Level 5:colcon.colcon_core.verb:set package 'three_dof_leg_description' build argument 'cmake_target_skip_unavailable' from command line to 'False'
[0.128s] Level 5:colcon.colcon_core.verb:set package 'three_dof_leg_description' build argument 'cmake_clean_cache' from command line to 'False'
[0.128s] Level 5:colcon.colcon_core.verb:set package 'three_dof_leg_description' build argument 'cmake_clean_first' from command line to 'False'
[0.128s] Level 5:colcon.colcon_core.verb:set package 'three_dof_leg_description' build argument 'cmake_force_configure' from command line to 'False'
[0.128s] Level 5:colcon.colcon_core.verb:set package 'three_dof_leg_description' build argument 'ament_cmake_args' from command line to 'None'
[0.128s] Level 5:colcon.colcon_core.verb:set package 'three_dof_leg_description' build argument 'catkin_cmake_args' from command line to 'None'
[0.128s] Level 5:colcon.colcon_core.verb:set package 'three_dof_leg_description' build argument 'catkin_skip_building_tests' from command line to 'False'
[0.128s] DEBUG:colcon.colcon_core.verb:Building package 'three_dof_leg_description' with the following arguments: {'ament_cmake_args': None, 'build_base': '/home/ben/x/10DOF-DUCK/linux/ros2_ws/build/three_dof_leg_description', 'catkin_cmake_args': None, 'catkin_skip_building_tests': False, 'cmake_args': None, 'cmake_clean_cache': False, 'cmake_clean_first': False, 'cmake_force_configure': False, 'cmake_target': None, 'cmake_target_skip_unavailable': False, 'install_base': '/home/ben/x/10DOF-DUCK/linux/ros2_ws/install/three_dof_leg_description', 'merge_install': False, 'path': '/home/ben/x/10DOF-DUCK/linux/ros2_ws/src/three_dof_leg_description', 'symlink_install': False, 'test_result_base': None}
[0.129s] INFO:colcon.colcon_core.executor:Executing jobs using 'parallel' executor
[0.129s] DEBUG:colcon.colcon_parallel_executor.executor.parallel:run_until_complete
[0.130s] INFO:colcon.colcon_ros.task.ament_python.build:Building ROS package in '/home/ben/x/10DOF-DUCK/linux/ros2_ws/src/three_dof_leg_description' with build type 'ament_python'
[0.130s] Level 1:colcon.colcon_core.shell:create_environment_hook('three_dof_leg_description', 'ament_prefix_path')
[0.131s] INFO:colcon.colcon_core.plugin_system:Skipping extension 'colcon_core.shell.bat': Not used on non-Windows systems
[0.131s] INFO:colcon.colcon_core.shell:Creating environment hook '/home/ben/x/10DOF-DUCK/linux/ros2_ws/install/three_dof_leg_description/share/three_dof_leg_description/hook/ament_prefix_path.ps1'
[0.131s] INFO:colcon.colcon_core.shell:Creating environment descriptor '/home/ben/x/10DOF-DUCK/linux/ros2_ws/install/three_dof_leg_description/share/three_dof_leg_description/hook/ament_prefix_path.dsv'
[0.131s] INFO:colcon.colcon_core.shell:Creating environment hook '/home/ben/x/10DOF-DUCK/linux/ros2_ws/install/three_dof_leg_description/share/three_dof_leg_description/hook/ament_prefix_path.sh'
[0.132s] INFO:colcon.colcon_core.shell:Skip shell extension 'powershell' for command environment: Not usable outside of PowerShell
[0.132s] DEBUG:colcon.colcon_core.shell:Skip shell extension 'dsv' for command environment
[0.249s] INFO:colcon.colcon_core.task.python.build:Building Python package in '/home/ben/x/10DOF-DUCK/linux/ros2_ws/src/three_dof_leg_description'
[0.249s] INFO:colcon.colcon_core.shell:Skip shell extension 'powershell' for command environment: Not usable outside of PowerShell
[0.249s] DEBUG:colcon.colcon_core.shell:Skip shell extension 'dsv' for command environment
[0.556s] DEBUG:colcon.colcon_core.task.python.build:Available setuptools commands: saveopts, extract_messages, build, build_ext, update_catalog, bdist_wheel, dist_info, sdist, egg_info, easy_install, install_lib, check, symlink_data, rotate, alias, bdist, bdist_egg, bdist_rpm, clean, register, init_catalog, upload, bdist_dumb, compile_catalog, install_data, build_scripts, install_scripts, build_py, install_egg_info, install_headers, test, upload_docs, setopt, build_clib, develop, install, editable_wheel
[0.558s] DEBUG:colcon.colcon_core.event_handler.log_command:Invoking command in '/home/ben/x/10DOF-DUCK/linux/ros2_ws/src/three_dof_leg_description': DEBUGINFOD_URLS=https://debuginfod.ubuntu.com PYTHONPATH=/home/ben/x/10DOF-DUCK/linux/ros2_ws/build/three_dof_leg_description/prefix_override:/usr/lib/python3/dist-packages/colcon_core/task/python/colcon_distutils_commands:/home/ben/x/10DOF-DUCK/linux/ros2_ws/install/three_dof_leg_description/lib/python3.12/site-packages:${PYTHONPATH} /usr/bin/python3 -W ignore:setup.py install is deprecated -W ignore:easy_install command is deprecated setup.py egg_info --egg-base ../../build/three_dof_leg_description build --build-base /home/ben/x/10DOF-DUCK/linux/ros2_ws/build/three_dof_leg_description/build install --record /home/ben/x/10DOF-DUCK/linux/ros2_ws/build/three_dof_leg_description/install.log --install-scripts $base/lib/three_dof_leg_description --single-version-externally-managed install_data
[0.836s] DEBUG:colcon.colcon_core.event_handler.log_command:Invoked command in '/home/ben/x/10DOF-DUCK/linux/ros2_ws/src/three_dof_leg_description' returned '0': DEBUGINFOD_URLS=https://debuginfod.ubuntu.com PYTHONPATH=/home/ben/x/10DOF-DUCK/linux/ros2_ws/build/three_dof_leg_description/prefix_override:/usr/lib/python3/dist-packages/colcon_core/task/python/colcon_distutils_commands:/home/ben/x/10DOF-DUCK/linux/ros2_ws/install/three_dof_leg_description/lib/python3.12/site-packages:${PYTHONPATH} /usr/bin/python3 -W ignore:setup.py install is deprecated -W ignore:easy_install command is deprecated setup.py egg_info --egg-base ../../build/three_dof_leg_description build --build-base /home/ben/x/10DOF-DUCK/linux/ros2_ws/build/three_dof_leg_description/build install --record /home/ben/x/10DOF-DUCK/linux/ros2_ws/build/three_dof_leg_description/install.log --install-scripts $base/lib/three_dof_leg_description --single-version-externally-managed install_data
[0.840s] Level 1:colcon.colcon_core.environment:checking '/home/ben/x/10DOF-DUCK/linux/ros2_ws/install/three_dof_leg_description' for CMake module files
[0.841s] Level 1:colcon.colcon_core.environment:checking '/home/ben/x/10DOF-DUCK/linux/ros2_ws/install/three_dof_leg_description' for CMake config files
[0.841s] Level 1:colcon.colcon_core.environment:checking '/home/ben/x/10DOF-DUCK/linux/ros2_ws/install/three_dof_leg_description/lib'
[0.841s] Level 1:colcon.colcon_core.environment:checking '/home/ben/x/10DOF-DUCK/linux/ros2_ws/install/three_dof_leg_description/bin'
[0.841s] Level 1:colcon.colcon_core.environment:checking '/home/ben/x/10DOF-DUCK/linux/ros2_ws/install/three_dof_leg_description/lib/pkgconfig/three_dof_leg_description.pc'
[0.841s] Level 1:colcon.colcon_core.environment:checking '/home/ben/x/10DOF-DUCK/linux/ros2_ws/install/three_dof_leg_description/lib/python3.12/site-packages'
[0.842s] Level 1:colcon.colcon_core.shell:create_environment_hook('three_dof_leg_description', 'pythonpath')
[0.842s] INFO:colcon.colcon_core.shell:Creating environment hook '/home/ben/x/10DOF-DUCK/linux/ros2_ws/install/three_dof_leg_description/share/three_dof_leg_description/hook/pythonpath.ps1'
[0.842s] INFO:colcon.colcon_core.shell:Creating environment descriptor '/home/ben/x/10DOF-DUCK/linux/ros2_ws/install/three_dof_leg_description/share/three_dof_leg_description/hook/pythonpath.dsv'
[0.842s] INFO:colcon.colcon_core.shell:Creating environment hook '/home/ben/x/10DOF-DUCK/linux/ros2_ws/install/three_dof_leg_description/share/three_dof_leg_description/hook/pythonpath.sh'
[0.843s] Level 1:colcon.colcon_core.environment:checking '/home/ben/x/10DOF-DUCK/linux/ros2_ws/install/three_dof_leg_description/bin'
[0.843s] Level 1:colcon.colcon_core.environment:create_environment_scripts_only(three_dof_leg_description)
[0.843s] INFO:colcon.colcon_core.shell:Creating package script '/home/ben/x/10DOF-DUCK/linux/ros2_ws/install/three_dof_leg_description/share/three_dof_leg_description/package.ps1'
[0.844s] INFO:colcon.colcon_core.shell:Creating package descriptor '/home/ben/x/10DOF-DUCK/linux/ros2_ws/install/three_dof_leg_description/share/three_dof_leg_description/package.dsv'
[0.844s] INFO:colcon.colcon_core.shell:Creating package script '/home/ben/x/10DOF-DUCK/linux/ros2_ws/install/three_dof_leg_description/share/three_dof_leg_description/package.sh'
[0.845s] INFO:colcon.colcon_core.shell:Creating package script '/home/ben/x/10DOF-DUCK/linux/ros2_ws/install/three_dof_leg_description/share/three_dof_leg_description/package.bash'
[0.845s] INFO:colcon.colcon_core.shell:Creating package script '/home/ben/x/10DOF-DUCK/linux/ros2_ws/install/three_dof_leg_description/share/three_dof_leg_description/package.zsh'
[0.845s] Level 1:colcon.colcon_core.environment:create_file_with_runtime_dependencies(/home/ben/x/10DOF-DUCK/linux/ros2_ws/install/three_dof_leg_description/share/colcon-core/packages/three_dof_leg_description)
[0.846s] DEBUG:colcon.colcon_parallel_executor.executor.parallel:closing loop
[0.846s] DEBUG:colcon.colcon_parallel_executor.executor.parallel:loop closed
[0.846s] DEBUG:colcon.colcon_parallel_executor.executor.parallel:run_until_complete finished with '0'
[0.846s] DEBUG:colcon.colcon_core.event_reactor:joining thread
[0.849s] INFO:colcon.colcon_core.plugin_system:Skipping extension 'colcon_notification.desktop_notification.terminal_notifier': Not used on non-Darwin systems
[0.849s] INFO:colcon.colcon_core.plugin_system:Skipping extension 'colcon_notification.desktop_notification.win32': Not used on non-Windows systems
[0.849s] INFO:colcon.colcon_notification.desktop_notification:Sending desktop notification using 'notify2'
[0.855s] DEBUG:colcon.colcon_core.event_reactor:joined thread
[0.855s] INFO:colcon.colcon_core.shell:Creating prefix script '/home/ben/x/10DOF-DUCK/linux/ros2_ws/install/local_setup.ps1'
[0.856s] INFO:colcon.colcon_core.shell:Creating prefix util module '/home/ben/x/10DOF-DUCK/linux/ros2_ws/install/_local_setup_util_ps1.py'
[0.856s] INFO:colcon.colcon_core.shell:Creating prefix chain script '/home/ben/x/10DOF-DUCK/linux/ros2_ws/install/setup.ps1'
[0.857s] INFO:colcon.colcon_core.shell:Creating prefix script '/home/ben/x/10DOF-DUCK/linux/ros2_ws/install/local_setup.sh'
[0.857s] INFO:colcon.colcon_core.shell:Creating prefix util module '/home/ben/x/10DOF-DUCK/linux/ros2_ws/install/_local_setup_util_sh.py'
[0.857s] INFO:colcon.colcon_core.shell:Creating prefix chain script '/home/ben/x/10DOF-DUCK/linux/ros2_ws/install/setup.sh'
[0.857s] INFO:colcon.colcon_core.shell:Creating prefix script '/home/ben/x/10DOF-DUCK/linux/ros2_ws/install/local_setup.bash'
[0.858s] INFO:colcon.colcon_core.shell:Creating prefix chain script '/home/ben/x/10DOF-DUCK/linux/ros2_ws/install/setup.bash'
[0.858s] INFO:colcon.colcon_core.shell:Creating prefix script '/home/ben/x/10DOF-DUCK/linux/ros2_ws/install/local_setup.zsh'
[0.858s] INFO:colcon.colcon_core.shell:Creating prefix chain script '/home/ben/x/10DOF-DUCK/linux/ros2_ws/install/setup.zsh'
