../Core/Src/leg_pd_poc.c:240:14:clampf	24	static
../Core/Src/leg_pd_poc.c:247:17:get_u16_le	16	static
../Core/Src/leg_pd_poc.c:252:17:get_u32_le	16	static
../Core/Src/leg_pd_poc.c:260:13:put_u32_le	16	static
../Core/Src/leg_pd_poc.c:268:13:put_float_le	24	static
../Core/Src/leg_pd_poc.c:275:17:crc16_ccitt_false	24	static
../Core/Src/leg_pd_poc.c:290:17:odrive_id	16	static
../Core/Src/leg_pd_poc.c:295:13:board_motor_power_set	16	static
../Core/Src/leg_pd_poc.c:306:13:board_peripheral_5v_enable	8	static
../Core/Src/leg_pd_poc.c:316:13:update_status_led	24	static
../Core/Src/leg_pd_poc.c:353:13:can1_send	64	static
../Core/Src/leg_pd_poc.c:396:13:motor_send_torque	24	static
../Core/Src/leg_pd_poc.c:403:13:motor_send_axis_state	24	static
../Core/Src/leg_pd_poc.c:416:17:sample_age_ms	24	static
../Core/Src/leg_pd_poc.c:422:13:g030_is_healthy	24	static
../Core/Src/leg_pd_poc.c:434:13:can_is_healthy	24	static
../Core/Src/leg_pd_poc.c:446:13:set_fault	16	static
../Core/Src/leg_pd_poc.c:456:13:send_zero_and_idle_once	16	static
../Core/Src/leg_pd_poc.c:468:13:disarm	16	static
../Core/Src/leg_pd_poc.c:485:13:request_board_power_off	16	static
../Core/Src/leg_pd_poc.c:492:13:update_encoder_from_g030	32	static
../Core/Src/leg_pd_poc.c:526:13:process_g030_byte	32	static
../Core/Src/leg_pd_poc.c:578:13:pc_append_byte	16	static
../Core/Src/leg_pd_poc.c:596:13:uart_start_receivers	8	static
../Core/Src/leg_pd_poc.c:610:6:HAL_UARTEx_RxEventCallback	24	static
../Core/Src/leg_pd_poc.c:627:6:HAL_UART_ErrorCallback	16	static
../Core/Src/leg_pd_poc.c:636:6:HAL_UART_TxCpltCallback	16	static
../Core/Src/leg_pd_poc.c:645:6:can_parse_feedback	32	static
../Core/Src/leg_pd_poc.c:665:13:capture_zero	16	static
../Core/Src/leg_pd_poc.c:680:13:arm_if_safe	16	static
../Core/Src/leg_pd_poc.c:714:13:all_axes_closed_loop	16	static
../Core/Src/leg_pd_poc.c:725:13:service_arm_sequence	40	static
../Core/Src/leg_pd_poc.c:777:13:handle_pc_line	56	static
../Core/Src/leg_pd_poc.c:866:6:LegPdPoc_Init	8	static
../Core/Src/leg_pd_poc.c:886:6:LegPdPoc_Control1kHz	40	static
../Core/Src/leg_pd_poc.c:974:6:LegPdPoc_Service	288	static
