../Core/Src/leg_pd_poc.c:204:14:clampf	24	static
../Core/Src/leg_pd_poc.c:211:17:get_u16_le	16	static
../Core/Src/leg_pd_poc.c:216:17:get_u32_le	16	static
../Core/Src/leg_pd_poc.c:224:13:put_u32_le	16	static
../Core/Src/leg_pd_poc.c:232:13:put_float_le	24	static
../Core/Src/leg_pd_poc.c:239:17:crc16_ccitt_false	24	static
../Core/Src/leg_pd_poc.c:254:17:odrive_id	16	static
../Core/Src/leg_pd_poc.c:259:13:board_motor_power_set	16	static
../Core/Src/leg_pd_poc.c:270:13:board_peripheral_5v_enable	8	static
../Core/Src/leg_pd_poc.c:280:13:update_status_led	24	static
../Core/Src/leg_pd_poc.c:317:13:can1_send	64	static
../Core/Src/leg_pd_poc.c:360:13:motor_send_torque	24	static
../Core/Src/leg_pd_poc.c:367:13:motor_send_axis_state	24	static
../Core/Src/leg_pd_poc.c:380:17:sample_age_ms	24	static
../Core/Src/leg_pd_poc.c:386:13:g030_is_healthy	24	static
../Core/Src/leg_pd_poc.c:398:13:can_is_healthy	24	static
../Core/Src/leg_pd_poc.c:410:13:set_fault	16	static
../Core/Src/leg_pd_poc.c:420:13:send_zero_and_idle_once	16	static
../Core/Src/leg_pd_poc.c:432:13:disarm	16	static
../Core/Src/leg_pd_poc.c:449:13:request_board_power_off	16	static
../Core/Src/leg_pd_poc.c:456:13:update_encoder_from_g030	32	static
../Core/Src/leg_pd_poc.c:490:13:process_g030_byte	32	static
../Core/Src/leg_pd_poc.c:542:13:pc_append_byte	16	static
../Core/Src/leg_pd_poc.c:560:13:uart_start_receivers	8	static
../Core/Src/leg_pd_poc.c:574:6:HAL_UARTEx_RxEventCallback	24	static
../Core/Src/leg_pd_poc.c:591:6:HAL_UART_ErrorCallback	16	static
../Core/Src/leg_pd_poc.c:600:6:HAL_UART_TxCpltCallback	16	static
../Core/Src/leg_pd_poc.c:607:6:can_parse_feedback	32	static
../Core/Src/leg_pd_poc.c:627:13:capture_zero	16	static
../Core/Src/leg_pd_poc.c:642:13:arm_if_safe	16	static
../Core/Src/leg_pd_poc.c:676:13:all_axes_closed_loop	16	static
../Core/Src/leg_pd_poc.c:687:13:service_arm_sequence	40	static
../Core/Src/leg_pd_poc.c:739:13:handle_pc_line	56	static
../Core/Src/leg_pd_poc.c:829:6:LegPdPoc_Init	8	static
../Core/Src/leg_pd_poc.c:849:6:LegPdPoc_Control1kHz	40	static
../Core/Src/leg_pd_poc.c:928:6:LegPdPoc_Service	280	static
